// Vitest Snapshot v1, https://vitest.dev/guide/snapshot.html

exports[`introspection 1`] = `
[
  {
    "columns": [
      {
        "dataType": "STRING",
        "hasDefaultValue": false,
        "isAutoIncrementing": false,
        "isNullable": true,
        "name": "id",
      },
      {
        "dataType": "STRING",
        "hasDefaultValue": false,
        "isAutoIncrementing": false,
        "isNullable": true,
        "name": "bank_account_id",
      },
      {
        "dataType": "STRING",
        "hasDefaultValue": false,
        "isAutoIncrementing": false,
        "isNullable": true,
        "name": "remote_id",
      },
      {
        "dataType": "STRING",
        "hasDefaultValue": false,
        "isAutoIncrementing": false,
        "isNullable": true,
        "name": "fpath_account_id",
      },
      {
        "dataType": "DATE",
        "hasDefaultValue": false,
        "isAutoIncrementing": false,
        "isNullable": true,
        "name": "date",
      },
      {
        "dataType": "STRING",
        "hasDefaultValue": false,
        "isAutoIncrementing": false,
        "isNullable": true,
        "name": "original_description",
      },
      {
        "dataType": "INT64",
        "hasDefaultValue": false,
        "isAutoIncrementing": false,
        "isNullable": true,
        "name": "pending",
      },
      {
        "dataType": "STRING",
        "hasDefaultValue": false,
        "isAutoIncrementing": false,
        "isNullable": true,
        "name": "processing_status",
      },
      {
        "dataType": "INT64",
        "hasDefaultValue": false,
        "isAutoIncrementing": false,
        "isNullable": true,
        "name": "amount",
      },
      {
        "dataType": "STRING",
        "hasDefaultValue": false,
        "isAutoIncrementing": false,
        "isNullable": true,
        "name": "iso_currency_code",
      },
      {
        "dataType": "STRING",
        "hasDefaultValue": false,
        "isAutoIncrementing": false,
        "isNullable": true,
        "name": "unofficial_currency_code",
      },
      {
        "dataType": "STRING",
        "hasDefaultValue": false,
        "isAutoIncrementing": false,
        "isNullable": true,
        "name": "bank_account_category_id",
      },
      {
        "dataType": "DATE",
        "hasDefaultValue": false,
        "isAutoIncrementing": false,
        "isNullable": true,
        "name": "authorized_date",
      },
      {
        "dataType": "STRING",
        "hasDefaultValue": false,
        "isAutoIncrementing": false,
        "isNullable": true,
        "name": "name",
      },
      {
        "dataType": "STRING",
        "hasDefaultValue": false,
        "isAutoIncrementing": false,
        "isNullable": true,
        "name": "merchant_name",
      },
      {
        "dataType": "STRING",
        "hasDefaultValue": false,
        "isAutoIncrementing": false,
        "isNullable": true,
        "name": "pending_transaction_id",
      },
      {
        "dataType": "STRING",
        "hasDefaultValue": false,
        "isAutoIncrementing": false,
        "isNullable": true,
        "name": "transaction_type",
      },
      {
        "dataType": "STRING",
        "hasDefaultValue": false,
        "isAutoIncrementing": false,
        "isNullable": true,
        "name": "account_owner",
      },
      {
        "dataType": "INT64",
        "hasDefaultValue": false,
        "isAutoIncrementing": false,
        "isNullable": true,
        "name": "amount_usd",
      },
      {
        "dataType": "STRING",
        "hasDefaultValue": false,
        "isAutoIncrementing": false,
        "isNullable": true,
        "name": "transaction_category",
      },
      {
        "dataType": "STRING",
        "hasDefaultValue": false,
        "isAutoIncrementing": false,
        "isNullable": true,
        "name": "transaction_status",
      },
      {
        "dataType": "STRUCT<type STRING, name STRING>",
        "hasDefaultValue": false,
        "isAutoIncrementing": false,
        "isNullable": true,
        "name": "counter_party",
      },
      {
        "dataType": "TIMESTAMP",
        "hasDefaultValue": false,
        "isAutoIncrementing": false,
        "isNullable": true,
        "name": "created_at",
      },
      {
        "dataType": "TIMESTAMP",
        "hasDefaultValue": false,
        "isAutoIncrementing": false,
        "isNullable": true,
        "name": "updated_at",
      },
      {
        "dataType": "STRING",
        "hasDefaultValue": false,
        "isAutoIncrementing": false,
        "isNullable": true,
        "name": "ntropy_batch_id",
      },
      {
        "dataType": "TIMESTAMP",
        "hasDefaultValue": false,
        "isAutoIncrementing": false,
        "isNullable": true,
        "name": "enriched_at",
      },
      {
        "dataType": "STRING",
        "hasDefaultValue": false,
        "isAutoIncrementing": false,
        "isNullable": true,
        "name": "enriched_by",
      },
      {
        "dataType": "STRING",
        "hasDefaultValue": false,
        "isAutoIncrementing": false,
        "isNullable": true,
        "name": "enrichment_cat1",
      },
      {
        "dataType": "STRING",
        "hasDefaultValue": false,
        "isAutoIncrementing": false,
        "isNullable": true,
        "name": "enrichment_cat2",
      },
      {
        "dataType": "STRING",
        "hasDefaultValue": false,
        "isAutoIncrementing": false,
        "isNullable": true,
        "name": "enrichment_cat3",
      },
      {
        "dataType": "STRING",
        "hasDefaultValue": false,
        "isAutoIncrementing": false,
        "isNullable": true,
        "name": "enrichment_cat4",
      },
      {
        "dataType": "STRING",
        "hasDefaultValue": false,
        "isAutoIncrementing": false,
        "isNullable": true,
        "name": "enrichment_merchant_name",
      },
      {
        "dataType": "TIMESTAMP",
        "hasDefaultValue": false,
        "isAutoIncrementing": false,
        "isNullable": true,
        "name": "inserted_at",
      },
    ],
    "isView": false,
    "name": "bank_account_transactions",
    "schema": "api",
  },
]
`;
